Copyright 1986-2018 Xilinx, Inc. All Rights Reserved.
-----------------------------------------------------------------------------------------------------------------------------------------------------------------------------------------------------------------------------------------------
| Tool Version : Vivado v.2018.2 (win64) Build 2258646 Thu Jun 14 20:03:12 MDT 2018
| Date         : Sun Oct  4 21:37:35 2026
| Host         : DESKTOP-D1BRLAT running 64-bit major release  (build 9200)
| Command      : report_timing_summary -max_paths 10 -file traffic_light_controller_timing_summary_routed.rpt -pb traffic_light_controller_timing_summary_routed.pb -rpx traffic_light_controller_timing_summary_routed.rpx -warn_on_violation
| Design       : traffic_light_controller
| Device       : 7z020-clg484
| Speed File   : -1  PRODUCTION 1.11 2014-09-11
-----------------------------------------------------------------------------------------------------------------------------------------------------------------------------------------------------------------------------------------------

Timing Summary Report

------------------------------------------------------------------------------------------------
| Timer Settings
| --------------
------------------------------------------------------------------------------------------------

  Enable Multi Corner Analysis               :  Yes
  Enable Pessimism Removal                   :  Yes
  Pessimism Removal Resolution               :  Nearest Common Node
  Enable Input Delay Default Clock           :  No
  Enable Preset / Clear Arcs                 :  No
  Disable Flight Delays                      :  No
  Ignore I/O Paths                           :  No
  Timing Early Launch at Borrowing Latches   :  false

  Corner  Analyze    Analyze    
  Name    Max Paths  Min Paths  
  ------  ---------  ---------  
  Slow    Yes        Yes        
  Fast    Yes        Yes        



check_timing report

Table of Contents
-----------------
1. checking no_clock
2. checking constant_clock
3. checking pulse_width_clock
4. checking unconstrained_internal_endpoints
5. checking no_input_delay
6. checking no_output_delay
7. checking multiple_clock
8. checking generated_clocks
9. checking loops
10. checking partial_input_delay
11. checking partial_output_delay
12. checking latch_loops

1. checking no_clock
--------------------
 There are 0 register/latch pins with no clock.


2. checking constant_clock
--------------------------
 There are 0 register/latch pins with constant_clock.


3. checking pulse_width_clock
-----------------------------
 There are 0 register/latch pins which need pulse_width check


4. checking unconstrained_internal_endpoints
--------------------------------------------
 There are 0 pins that are not constrained for maximum delay.

 There are 0 pins that are not constrained for maximum delay due to constant clock.


5. checking no_input_delay
--------------------------
 There are 2 input ports with no input delay specified. (HIGH)

 There are 0 input ports with no input delay but user has a false path constraint.


6. checking no_output_delay
---------------------------
 There are 6 ports with no output delay specified. (HIGH)

 There are 0 ports with no output delay but user has a false path constraint

 There are 0 ports with no output delay but with a timing clock defined on it or propagating through it


7. checking multiple_clock
--------------------------
 There are 0 register/latch pins with multiple clocks.


8. checking generated_clocks
----------------------------
 There are 0 generated clocks that are not connected to a clock source.


9. checking loops
-----------------
 There are 0 combinational loops in the design.


10. checking partial_input_delay
--------------------------------
 There are 0 input ports with partial input delay specified.


11. checking partial_output_delay
---------------------------------
 There are 0 ports with partial output delay specified.


12. checking latch_loops
------------------------
 There are 0 combinational latch loops in the design through latch input



------------------------------------------------------------------------------------------------
| Design Timing Summary
| ---------------------
------------------------------------------------------------------------------------------------

    WNS(ns)      TNS(ns)  TNS Failing Endpoints  TNS Total Endpoints      WHS(ns)      THS(ns)  THS Failing Endpoints  THS Total Endpoints     WPWS(ns)     TPWS(ns)  TPWS Failing Endpoints  TPWS Total Endpoints  
    -------      -------  ---------------------  -------------------      -------      -------  ---------------------  -------------------     --------     --------  ----------------------  --------------------  
      7.581        0.000                      0                   12        0.150        0.000                      0                   12        4.500        0.000                       0                    13  


All user specified timing constraints are met.


------------------------------------------------------------------------------------------------
| Clock Summary
| -------------
------------------------------------------------------------------------------------------------

Clock    Waveform(ns)       Period(ns)      Frequency(MHz)
-----    ------------       ----------      --------------
sys_clk  {0.000 5.000}      10.000          100.000         


------------------------------------------------------------------------------------------------
| Intra Clock Table
| -----------------
------------------------------------------------------------------------------------------------

Clock             WNS(ns)      TNS(ns)  TNS Failing Endpoints  TNS Total Endpoints      WHS(ns)      THS(ns)  THS Failing Endpoints  THS Total Endpoints     WPWS(ns)     TPWS(ns)  TPWS Failing Endpoints  TPWS Total Endpoints  
-----             -------      -------  ---------------------  -------------------      -------      -------  ---------------------  -------------------     --------     --------  ----------------------  --------------------  
sys_clk             7.581        0.000                      0                   12        0.150        0.000                      0                   12        4.500        0.000                       0                    13  


------------------------------------------------------------------------------------------------
| Inter Clock Table
| -----------------
------------------------------------------------------------------------------------------------

From Clock    To Clock          WNS(ns)      TNS(ns)  TNS Failing Endpoints  TNS Total Endpoints      WHS(ns)      THS(ns)  THS Failing Endpoints  THS Total Endpoints  
----------    --------          -------      -------  ---------------------  -------------------      -------      -------  ---------------------  -------------------  


------------------------------------------------------------------------------------------------
| Other Path Groups Table
| -----------------------
------------------------------------------------------------------------------------------------

Path Group    From Clock    To Clock          WNS(ns)      TNS(ns)  TNS Failing Endpoints  TNS Total Endpoints      WHS(ns)      THS(ns)  THS Failing Endpoints  THS Total Endpoints  
----------    ----------    --------          -------      -------  ---------------------  -------------------      -------      -------  ---------------------  -------------------  


------------------------------------------------------------------------------------------------
| Timing Details
| --------------
------------------------------------------------------------------------------------------------


---------------------------------------------------------------------------------------------------
From Clock:  sys_clk
  To Clock:  sys_clk

Setup :            0  Failing Endpoints,  Worst Slack        7.581ns,  Total Violation        0.000ns
Hold  :            0  Failing Endpoints,  Worst Slack        0.150ns,  Total Violation        0.000ns
PW    :            0  Failing Endpoints,  Worst Slack        4.500ns,  Total Violation        0.000ns
---------------------------------------------------------------------------------------------------


Max Delay Paths
--------------------------------------------------------------------------------------
Slack (MET) :             7.581ns  (required time - arrival time)
  Source:                 FSM_sequential_state_reg[1]/C
                            (rising edge-triggered cell FDCE clocked by sys_clk  {rise@0.000ns fall@5.000ns period=10.000ns})
  Destination:            FSM_sequential_state_reg[0]/D
                            (rising edge-triggered cell FDCE clocked by sys_clk  {rise@0.000ns fall@5.000ns period=10.000ns})
  Path Group:             sys_clk
  Path Type:              Setup (Max at Slow Process Corner)
  Requirement:            10.000ns  (sys_clk rise@10.000ns - sys_clk rise@0.000ns)
  Data Path Delay:        2.461ns  (logic 0.766ns (31.126%)  route 1.695ns (68.874%))
  Logic Levels:           2  (LUT4=1 LUT6=1)
  Clock Path Skew:        0.000ns (DCD - SCD + CPR)
    Destination Clock Delay (DCD):    5.183ns = ( 15.183 - 10.000 ) 
    Source Clock Delay      (SCD):    5.642ns
    Clock Pessimism Removal (CPR):    0.459ns
  Clock Uncertainty:      0.035ns  ((TSJ^2 + TIJ^2)^1/2 + DJ) / 2 + PE
    Total System Jitter     (TSJ):    0.071ns
    Total Input Jitter      (TIJ):    0.000ns
    Discrete Jitter          (DJ):    0.000ns
    Phase Error              (PE):    0.000ns

    Location             Delay type                Incr(ns)  Path(ns)    Netlist Resource(s)
  -------------------------------------------------------------------    -------------------
                         (clock sys_clk rise edge)    0.000     0.000 r  
    Y9                                                0.000     0.000 r  clk (IN)
                         net (fo=0)                   0.000     0.000    clk
    Y9                   IBUF (Prop_ibuf_I_O)         1.490     1.490 r  clk_IBUF_inst/O
                         net (fo=1, routed)           2.171     3.661    clk_IBUF
    BUFGCTRL_X0Y0        BUFG (Prop_bufg_I_O)         0.101     3.762 r  clk_IBUF_BUFG_inst/O
                         net (fo=12, routed)          1.880     5.642    clk_IBUF_BUFG
    SLICE_X112Y48        FDCE                                         r  FSM_sequential_state_reg[1]/C
  -------------------------------------------------------------------    -------------------
    SLICE_X112Y48        FDCE (Prop_fdce_C_Q)         0.518     6.160 r  FSM_sequential_state_reg[1]/Q
                         net (fo=12, routed)          1.004     7.164    state__0[1]
    SLICE_X112Y48        LUT6 (Prop_lut6_I1_O)        0.124     7.288 r  FSM_sequential_state[1]_i_2/O
                         net (fo=2, routed)           0.691     7.979    FSM_sequential_state[1]_i_2_n_0
    SLICE_X112Y48        LUT4 (Prop_lut4_I3_O)        0.124     8.103 r  FSM_sequential_state[0]_i_1/O
                         net (fo=1, routed)           0.000     8.103    FSM_sequential_state[0]_i_1_n_0
    SLICE_X112Y48        FDCE                                         r  FSM_sequential_state_reg[0]/D
  -------------------------------------------------------------------    -------------------

                         (clock sys_clk rise edge)   10.000    10.000 r  
    Y9                                                0.000    10.000 r  clk (IN)
                         net (fo=0)                   0.000    10.000    clk
    Y9                   IBUF (Prop_ibuf_I_O)         1.420    11.420 r  clk_IBUF_inst/O
                         net (fo=1, routed)           1.972    13.392    clk_IBUF
    BUFGCTRL_X0Y0        BUFG (Prop_bufg_I_O)         0.091    13.483 r  clk_IBUF_BUFG_inst/O
                         net (fo=12, routed)          1.700    15.183    clk_IBUF_BUFG
    SLICE_X112Y48        FDCE                                         r  FSM_sequential_state_reg[0]/C
                         clock pessimism              0.459    15.642    
                         clock uncertainty           -0.035    15.607    
    SLICE_X112Y48        FDCE (Setup_fdce_C_D)        0.077    15.684    FSM_sequential_state_reg[0]
  -------------------------------------------------------------------
                         required time                         15.684    
                         arrival time                          -8.103    
  -------------------------------------------------------------------
                         slack                                  7.581    

Slack (MET) :             7.595ns  (required time - arrival time)
  Source:                 FSM_sequential_state_reg[1]/C
                            (rising edge-triggered cell FDCE clocked by sys_clk  {rise@0.000ns fall@5.000ns period=10.000ns})
  Destination:            FSM_sequential_state_reg[1]/D
                            (rising edge-triggered cell FDCE clocked by sys_clk  {rise@0.000ns fall@5.000ns period=10.000ns})
  Path Group:             sys_clk
  Path Type:              Setup (Max at Slow Process Corner)
  Requirement:            10.000ns  (sys_clk rise@10.000ns - sys_clk rise@0.000ns)
  Data Path Delay:        2.451ns  (logic 0.766ns (31.253%)  route 1.685ns (68.747%))
  Logic Levels:           2  (LUT3=1 LUT6=1)
  Clock Path Skew:        0.000ns (DCD - SCD + CPR)
    Destination Clock Delay (DCD):    5.183ns = ( 15.183 - 10.000 ) 
    Source Clock Delay      (SCD):    5.642ns
    Clock Pessimism Removal (CPR):    0.459ns
  Clock Uncertainty:      0.035ns  ((TSJ^2 + TIJ^2)^1/2 + DJ) / 2 + PE
    Total System Jitter     (TSJ):    0.071ns
    Total Input Jitter      (TIJ):    0.000ns
    Discrete Jitter          (DJ):    0.000ns
    Phase Error              (PE):    0.000ns

    Location             Delay type                Incr(ns)  Path(ns)    Netlist Resource(s)
  -------------------------------------------------------------------    -------------------
                         (clock sys_clk rise edge)    0.000     0.000 r  
    Y9                                                0.000     0.000 r  clk (IN)
                         net (fo=0)                   0.000     0.000    clk
    Y9                   IBUF (Prop_ibuf_I_O)         1.490     1.490 r  clk_IBUF_inst/O
                         net (fo=1, routed)           2.171     3.661    clk_IBUF
    BUFGCTRL_X0Y0        BUFG (Prop_bufg_I_O)         0.101     3.762 r  clk_IBUF_BUFG_inst/O
                         net (fo=12, routed)          1.880     5.642    clk_IBUF_BUFG
    SLICE_X112Y48        FDCE                                         r  FSM_sequential_state_reg[1]/C
  -------------------------------------------------------------------    -------------------
    SLICE_X112Y48        FDCE (Prop_fdce_C_Q)         0.518     6.160 r  FSM_sequential_state_reg[1]/Q
                         net (fo=12, routed)          1.004     7.164    state__0[1]
    SLICE_X112Y48        LUT6 (Prop_lut6_I1_O)        0.124     7.288 r  FSM_sequential_state[1]_i_2/O
                         net (fo=2, routed)           0.681     7.969    FSM_sequential_state[1]_i_2_n_0
    SLICE_X112Y48        LUT3 (Prop_lut3_I2_O)        0.124     8.093 r  FSM_sequential_state[1]_i_1/O
                         net (fo=1, routed)           0.000     8.093    FSM_sequential_state[1]_i_1_n_0
    SLICE_X112Y48        FDCE                                         r  FSM_sequential_state_reg[1]/D
  -------------------------------------------------------------------    -------------------

                         (clock sys_clk rise edge)   10.000    10.000 r  
    Y9                                                0.000    10.000 r  clk (IN)
                         net (fo=0)                   0.000    10.000    clk
    Y9                   IBUF (Prop_ibuf_I_O)         1.420    11.420 r  clk_IBUF_inst/O
                         net (fo=1, routed)           1.972    13.392    clk_IBUF
    BUFGCTRL_X0Y0        BUFG (Prop_bufg_I_O)         0.091    13.483 r  clk_IBUF_BUFG_inst/O
                         net (fo=12, routed)          1.700    15.183    clk_IBUF_BUFG
    SLICE_X112Y48        FDCE                                         r  FSM_sequential_state_reg[1]/C
                         clock pessimism              0.459    15.642    
                         clock uncertainty           -0.035    15.607    
    SLICE_X112Y48        FDCE (Setup_fdce_C_D)        0.081    15.688    FSM_sequential_state_reg[1]
  -------------------------------------------------------------------
                         required time                         15.688    
                         arrival time                          -8.093    
  -------------------------------------------------------------------
                         slack                                  7.595    

Slack (MET) :             8.347ns  (required time - arrival time)
  Source:                 FSM_sequential_state_reg[1]/C
                            (rising edge-triggered cell FDCE clocked by sys_clk  {rise@0.000ns fall@5.000ns period=10.000ns})
  Destination:            highway_reg[1]/D
                            (rising edge-triggered cell FDCE clocked by sys_clk  {rise@0.000ns fall@5.000ns period=10.000ns})
  Path Group:             sys_clk
  Path Type:              Setup (Max at Slow Process Corner)
  Requirement:            10.000ns  (sys_clk rise@10.000ns - sys_clk rise@0.000ns)
  Data Path Delay:        1.624ns  (logic 0.642ns (39.535%)  route 0.982ns (60.465%))
  Logic Levels:           1  (LUT2=1)
  Clock Path Skew:        -0.025ns (DCD - SCD + CPR)
    Destination Clock Delay (DCD):    5.183ns = ( 15.183 - 10.000 ) 
    Source Clock Delay      (SCD):    5.642ns
    Clock Pessimism Removal (CPR):    0.434ns
  Clock Uncertainty:      0.035ns  ((TSJ^2 + TIJ^2)^1/2 + DJ) / 2 + PE
    Total System Jitter     (TSJ):    0.071ns
    Total Input Jitter      (TIJ):    0.000ns
    Discrete Jitter          (DJ):    0.000ns
    Phase Error              (PE):    0.000ns

    Location             Delay type                Incr(ns)  Path(ns)    Netlist Resource(s)
  -------------------------------------------------------------------    -------------------
                         (clock sys_clk rise edge)    0.000     0.000 r  
    Y9                                                0.000     0.000 r  clk (IN)
                         net (fo=0)                   0.000     0.000    clk
    Y9                   IBUF (Prop_ibuf_I_O)         1.490     1.490 r  clk_IBUF_inst/O
                         net (fo=1, routed)           2.171     3.661    clk_IBUF
    BUFGCTRL_X0Y0        BUFG (Prop_bufg_I_O)         0.101     3.762 r  clk_IBUF_BUFG_inst/O
                         net (fo=12, routed)          1.880     5.642    clk_IBUF_BUFG
    SLICE_X112Y48        FDCE                                         r  FSM_sequential_state_reg[1]/C
  -------------------------------------------------------------------    -------------------
    SLICE_X112Y48        FDCE (Prop_fdce_C_Q)         0.518     6.160 f  FSM_sequential_state_reg[1]/Q
                         net (fo=12, routed)          0.982     7.142    state__0[1]
    SLICE_X113Y47        LUT2 (Prop_lut2_I1_O)        0.124     7.266 r  highway[1]_i_1/O
                         net (fo=1, routed)           0.000     7.266    highway[1]_i_1_n_0
    SLICE_X113Y47        FDCE                                         r  highway_reg[1]/D
  -------------------------------------------------------------------    -------------------

                         (clock sys_clk rise edge)   10.000    10.000 r  
    Y9                                                0.000    10.000 r  clk (IN)
                         net (fo=0)                   0.000    10.000    clk
    Y9                   IBUF (Prop_ibuf_I_O)         1.420    11.420 r  clk_IBUF_inst/O
                         net (fo=1, routed)           1.972    13.392    clk_IBUF
    BUFGCTRL_X0Y0        BUFG (Prop_bufg_I_O)         0.091    13.483 r  clk_IBUF_BUFG_inst/O
                         net (fo=12, routed)          1.700    15.183    clk_IBUF_BUFG
    SLICE_X113Y47        FDCE                                         r  highway_reg[1]/C
                         clock pessimism              0.434    15.617    
                         clock uncertainty           -0.035    15.582    
    SLICE_X113Y47        FDCE (Setup_fdce_C_D)        0.031    15.613    highway_reg[1]
  -------------------------------------------------------------------
                         required time                         15.613    
                         arrival time                          -7.266    
  -------------------------------------------------------------------
                         slack                                  8.347    

Slack (MET) :             8.347ns  (required time - arrival time)
  Source:                 FSM_sequential_state_reg[1]/C
                            (rising edge-triggered cell FDCE clocked by sys_clk  {rise@0.000ns fall@5.000ns period=10.000ns})
  Destination:            highway_reg[0]/D
                            (rising edge-triggered cell FDPE clocked by sys_clk  {rise@0.000ns fall@5.000ns period=10.000ns})
  Path Group:             sys_clk
  Path Type:              Setup (Max at Slow Process Corner)
  Requirement:            10.000ns  (sys_clk rise@10.000ns - sys_clk rise@0.000ns)
  Data Path Delay:        1.622ns  (logic 0.642ns (39.584%)  route 0.980ns (60.416%))
  Logic Levels:           1  (LUT2=1)
  Clock Path Skew:        -0.025ns (DCD - SCD + CPR)
    Destination Clock Delay (DCD):    5.183ns = ( 15.183 - 10.000 ) 
    Source Clock Delay      (SCD):    5.642ns
    Clock Pessimism Removal (CPR):    0.434ns
  Clock Uncertainty:      0.035ns  ((TSJ^2 + TIJ^2)^1/2 + DJ) / 2 + PE
    Total System Jitter     (TSJ):    0.071ns
    Total Input Jitter      (TIJ):    0.000ns
    Discrete Jitter          (DJ):    0.000ns
    Phase Error              (PE):    0.000ns

    Location             Delay type                Incr(ns)  Path(ns)    Netlist Resource(s)
  -------------------------------------------------------------------    -------------------
                         (clock sys_clk rise edge)    0.000     0.000 r  
    Y9                                                0.000     0.000 r  clk (IN)
                         net (fo=0)                   0.000     0.000    clk
    Y9                   IBUF (Prop_ibuf_I_O)         1.490     1.490 r  clk_IBUF_inst/O
                         net (fo=1, routed)           2.171     3.661    clk_IBUF
    BUFGCTRL_X0Y0        BUFG (Prop_bufg_I_O)         0.101     3.762 r  clk_IBUF_BUFG_inst/O
                         net (fo=12, routed)          1.880     5.642    clk_IBUF_BUFG
    SLICE_X112Y48        FDCE                                         r  FSM_sequential_state_reg[1]/C
  -------------------------------------------------------------------    -------------------
    SLICE_X112Y48        FDCE (Prop_fdce_C_Q)         0.518     6.160 f  FSM_sequential_state_reg[1]/Q
                         net (fo=12, routed)          0.980     7.140    state__0[1]
    SLICE_X113Y47        LUT2 (Prop_lut2_I1_O)        0.124     7.264 r  highway[0]_i_1/O
                         net (fo=1, routed)           0.000     7.264    highway[0]_i_1_n_0
    SLICE_X113Y47        FDPE                                         r  highway_reg[0]/D
  -------------------------------------------------------------------    -------------------

                         (clock sys_clk rise edge)   10.000    10.000 r  
    Y9                                                0.000    10.000 r  clk (IN)
                         net (fo=0)                   0.000    10.000    clk
    Y9                   IBUF (Prop_ibuf_I_O)         1.420    11.420 r  clk_IBUF_inst/O
                         net (fo=1, routed)           1.972    13.392    clk_IBUF
    BUFGCTRL_X0Y0        BUFG (Prop_bufg_I_O)         0.091    13.483 r  clk_IBUF_BUFG_inst/O
                         net (fo=12, routed)          1.700    15.183    clk_IBUF_BUFG
    SLICE_X113Y47        FDPE                                         r  highway_reg[0]/C
                         clock pessimism              0.434    15.617    
                         clock uncertainty           -0.035    15.582    
    SLICE_X113Y47        FDPE (Setup_fdpe_C_D)        0.029    15.611    highway_reg[0]
  -------------------------------------------------------------------
                         required time                         15.611    
                         arrival time                          -7.264    
  -------------------------------------------------------------------
                         slack                                  8.347    

Slack (MET) :             8.434ns  (required time - arrival time)
  Source:                 FSM_sequential_state_reg[0]/C
                            (rising edge-triggered cell FDCE clocked by sys_clk  {rise@0.000ns fall@5.000ns period=10.000ns})
  Destination:            side_road_reg[2]/D
                            (rising edge-triggered cell FDPE clocked by sys_clk  {rise@0.000ns fall@5.000ns period=10.000ns})
  Path Group:             sys_clk
  Path Type:              Setup (Max at Slow Process Corner)
  Requirement:            10.000ns  (sys_clk rise@10.000ns - sys_clk rise@0.000ns)
  Data Path Delay:        1.538ns  (logic 0.642ns (41.747%)  route 0.896ns (58.253%))
  Logic Levels:           1  (LUT2=1)
  Clock Path Skew:        -0.025ns (DCD - SCD + CPR)
    Destination Clock Delay (DCD):    5.183ns = ( 15.183 - 10.000 ) 
    Source Clock Delay      (SCD):    5.642ns
    Clock Pessimism Removal (CPR):    0.434ns
  Clock Uncertainty:      0.035ns  ((TSJ^2 + TIJ^2)^1/2 + DJ) / 2 + PE
    Total System Jitter     (TSJ):    0.071ns
    Total Input Jitter      (TIJ):    0.000ns
    Discrete Jitter          (DJ):    0.000ns
    Phase Error              (PE):    0.000ns

    Location             Delay type                Incr(ns)  Path(ns)    Netlist Resource(s)
  -------------------------------------------------------------------    -------------------
                         (clock sys_clk rise edge)    0.000     0.000 r  
    Y9                                                0.000     0.000 r  clk (IN)
                         net (fo=0)                   0.000     0.000    clk
    Y9                   IBUF (Prop_ibuf_I_O)         1.490     1.490 r  clk_IBUF_inst/O
                         net (fo=1, routed)           2.171     3.661    clk_IBUF
    BUFGCTRL_X0Y0        BUFG (Prop_bufg_I_O)         0.101     3.762 r  clk_IBUF_BUFG_inst/O
                         net (fo=12, routed)          1.880     5.642    clk_IBUF_BUFG
    SLICE_X112Y48        FDCE                                         r  FSM_sequential_state_reg[0]/C
  -------------------------------------------------------------------    -------------------
    SLICE_X112Y48        FDCE (Prop_fdce_C_Q)         0.518     6.160 f  FSM_sequential_state_reg[0]/Q
                         net (fo=11, routed)          0.896     7.056    state__0[0]
    SLICE_X113Y47        LUT2 (Prop_lut2_I0_O)        0.124     7.180 r  side_road[2]_i_1/O
                         net (fo=1, routed)           0.000     7.180    side_road[2]_i_1_n_0
    SLICE_X113Y47        FDPE                                         r  side_road_reg[2]/D
  -------------------------------------------------------------------    -------------------

                         (clock sys_clk rise edge)   10.000    10.000 r  
    Y9                                                0.000    10.000 r  clk (IN)
                         net (fo=0)                   0.000    10.000    clk
    Y9                   IBUF (Prop_ibuf_I_O)         1.420    11.420 r  clk_IBUF_inst/O
                         net (fo=1, routed)           1.972    13.392    clk_IBUF
    BUFGCTRL_X0Y0        BUFG (Prop_bufg_I_O)         0.091    13.483 r  clk_IBUF_BUFG_inst/O
                         net (fo=12, routed)          1.700    15.183    clk_IBUF_BUFG
    SLICE_X113Y47        FDPE                                         r  side_road_reg[2]/C
                         clock pessimism              0.434    15.617    
                         clock uncertainty           -0.035    15.582    
    SLICE_X113Y47        FDPE (Setup_fdpe_C_D)        0.032    15.614    side_road_reg[2]
  -------------------------------------------------------------------
                         required time                         15.614    
                         arrival time                          -7.180    
  -------------------------------------------------------------------
                         slack                                  8.434    

Slack (MET) :             8.438ns  (required time - arrival time)
  Source:                 FSM_sequential_state_reg[0]/C
                            (rising edge-triggered cell FDCE clocked by sys_clk  {rise@0.000ns fall@5.000ns period=10.000ns})
  Destination:            side_road_reg[0]/D
                            (rising edge-triggered cell FDCE clocked by sys_clk  {rise@0.000ns fall@5.000ns period=10.000ns})
  Path Group:             sys_clk
  Path Type:              Setup (Max at Slow Process Corner)
  Requirement:            10.000ns  (sys_clk rise@10.000ns - sys_clk rise@0.000ns)
  Data Path Delay:        1.533ns  (logic 0.642ns (41.883%)  route 0.891ns (58.117%))
  Logic Levels:           1  (LUT2=1)
  Clock Path Skew:        -0.025ns (DCD - SCD + CPR)
    Destination Clock Delay (DCD):    5.183ns = ( 15.183 - 10.000 ) 
    Source Clock Delay      (SCD):    5.642ns
    Clock Pessimism Removal (CPR):    0.434ns
  Clock Uncertainty:      0.035ns  ((TSJ^2 + TIJ^2)^1/2 + DJ) / 2 + PE
    Total System Jitter     (TSJ):    0.071ns
    Total Input Jitter      (TIJ):    0.000ns
    Discrete Jitter          (DJ):    0.000ns
    Phase Error              (PE):    0.000ns

    Location             Delay type                Incr(ns)  Path(ns)    Netlist Resource(s)
  -------------------------------------------------------------------    -------------------
                         (clock sys_clk rise edge)    0.000     0.000 r  
    Y9                                                0.000     0.000 r  clk (IN)
                         net (fo=0)                   0.000     0.000    clk
    Y9                   IBUF (Prop_ibuf_I_O)         1.490     1.490 r  clk_IBUF_inst/O
                         net (fo=1, routed)           2.171     3.661    clk_IBUF
    BUFGCTRL_X0Y0        BUFG (Prop_bufg_I_O)         0.101     3.762 r  clk_IBUF_BUFG_inst/O
                         net (fo=12, routed)          1.880     5.642    clk_IBUF_BUFG
    SLICE_X112Y48        FDCE                                         r  FSM_sequential_state_reg[0]/C
  -------------------------------------------------------------------    -------------------
    SLICE_X112Y48        FDCE (Prop_fdce_C_Q)         0.518     6.160 r  FSM_sequential_state_reg[0]/Q
                         net (fo=11, routed)          0.891     7.051    state__0[0]
    SLICE_X113Y47        LUT2 (Prop_lut2_I1_O)        0.124     7.175 r  side_road[0]_i_1/O
                         net (fo=1, routed)           0.000     7.175    side_road[0]_i_1_n_0
    SLICE_X113Y47        FDCE                                         r  side_road_reg[0]/D
  -------------------------------------------------------------------    -------------------

                         (clock sys_clk rise edge)   10.000    10.000 r  
    Y9                                                0.000    10.000 r  clk (IN)
                         net (fo=0)                   0.000    10.000    clk
    Y9                   IBUF (Prop_ibuf_I_O)         1.420    11.420 r  clk_IBUF_inst/O
                         net (fo=1, routed)           1.972    13.392    clk_IBUF
    BUFGCTRL_X0Y0        BUFG (Prop_bufg_I_O)         0.091    13.483 r  clk_IBUF_BUFG_inst/O
                         net (fo=12, routed)          1.700    15.183    clk_IBUF_BUFG
    SLICE_X113Y47        FDCE                                         r  side_road_reg[0]/C
                         clock pessimism              0.434    15.617    
                         clock uncertainty           -0.035    15.582    
    SLICE_X113Y47        FDCE (Setup_fdce_C_D)        0.031    15.613    side_road_reg[0]
  -------------------------------------------------------------------
                         required time                         15.613    
                         arrival time                          -7.175    
  -------------------------------------------------------------------
                         slack                                  8.438    

Slack (MET) :             8.500ns  (required time - arrival time)
  Source:                 timer_reg[0]/C
                            (rising edge-triggered cell FDCE clocked by sys_clk  {rise@0.000ns fall@5.000ns period=10.000ns})
  Destination:            timer_reg[2]/D
                            (rising edge-triggered cell FDCE clocked by sys_clk  {rise@0.000ns fall@5.000ns period=10.000ns})
  Path Group:             sys_clk
  Path Type:              Setup (Max at Slow Process Corner)
  Requirement:            10.000ns  (sys_clk rise@10.000ns - sys_clk rise@0.000ns)
  Data Path Delay:        1.496ns  (logic 0.580ns (38.763%)  route 0.916ns (61.237%))
  Logic Levels:           1  (LUT6=1)
  Clock Path Skew:        0.000ns (DCD - SCD + CPR)
    Destination Clock Delay (DCD):    5.183ns = ( 15.183 - 10.000 ) 
    Source Clock Delay      (SCD):    5.642ns
    Clock Pessimism Removal (CPR):    0.459ns
  Clock Uncertainty:      0.035ns  ((TSJ^2 + TIJ^2)^1/2 + DJ) / 2 + PE
    Total System Jitter     (TSJ):    0.071ns
    Total Input Jitter      (TIJ):    0.000ns
    Discrete Jitter          (DJ):    0.000ns
    Phase Error              (PE):    0.000ns

    Location             Delay type                Incr(ns)  Path(ns)    Netlist Resource(s)
  -------------------------------------------------------------------    -------------------
                         (clock sys_clk rise edge)    0.000     0.000 r  
    Y9                                                0.000     0.000 r  clk (IN)
                         net (fo=0)                   0.000     0.000    clk
    Y9                   IBUF (Prop_ibuf_I_O)         1.490     1.490 r  clk_IBUF_inst/O
                         net (fo=1, routed)           2.171     3.661    clk_IBUF
    BUFGCTRL_X0Y0        BUFG (Prop_bufg_I_O)         0.101     3.762 r  clk_IBUF_BUFG_inst/O
                         net (fo=12, routed)          1.880     5.642    clk_IBUF_BUFG
    SLICE_X113Y48        FDCE                                         r  timer_reg[0]/C
  -------------------------------------------------------------------    -------------------
    SLICE_X113Y48        FDCE (Prop_fdce_C_Q)         0.456     6.098 r  timer_reg[0]/Q
                         net (fo=6, routed)           0.916     7.015    timer_reg_n_0_[0]
    SLICE_X113Y48        LUT6 (Prop_lut6_I3_O)        0.124     7.139 r  timer[2]_i_1/O
                         net (fo=1, routed)           0.000     7.139    timer[2]
    SLICE_X113Y48        FDCE                                         r  timer_reg[2]/D
  -------------------------------------------------------------------    -------------------

                         (clock sys_clk rise edge)   10.000    10.000 r  
    Y9                                                0.000    10.000 r  clk (IN)
                         net (fo=0)                   0.000    10.000    clk
    Y9                   IBUF (Prop_ibuf_I_O)         1.420    11.420 r  clk_IBUF_inst/O
                         net (fo=1, routed)           1.972    13.392    clk_IBUF
    BUFGCTRL_X0Y0        BUFG (Prop_bufg_I_O)         0.091    13.483 r  clk_IBUF_BUFG_inst/O
                         net (fo=12, routed)          1.700    15.183    clk_IBUF_BUFG
    SLICE_X113Y48        FDCE                                         r  timer_reg[2]/C
                         clock pessimism              0.459    15.642    
                         clock uncertainty           -0.035    15.607    
    SLICE_X113Y48        FDCE (Setup_fdce_C_D)        0.032    15.639    timer_reg[2]
  -------------------------------------------------------------------
                         required time                         15.639    
                         arrival time                          -7.139    
  -------------------------------------------------------------------
                         slack                                  8.500    

Slack (MET) :             8.503ns  (required time - arrival time)
  Source:                 timer_reg[1]/C
                            (rising edge-triggered cell FDCE clocked by sys_clk  {rise@0.000ns fall@5.000ns period=10.000ns})
  Destination:            timer_reg[0]/D
                            (rising edge-triggered cell FDCE clocked by sys_clk  {rise@0.000ns fall@5.000ns period=10.000ns})
  Path Group:             sys_clk
  Path Type:              Setup (Max at Slow Process Corner)
  Requirement:            10.000ns  (sys_clk rise@10.000ns - sys_clk rise@0.000ns)
  Data Path Delay:        1.492ns  (logic 0.580ns (38.867%)  route 0.912ns (61.133%))
  Logic Levels:           1  (LUT6=1)
  Clock Path Skew:        0.000ns (DCD - SCD + CPR)
    Destination Clock Delay (DCD):    5.183ns = ( 15.183 - 10.000 ) 
    Source Clock Delay      (SCD):    5.642ns
    Clock Pessimism Removal (CPR):    0.459ns
  Clock Uncertainty:      0.035ns  ((TSJ^2 + TIJ^2)^1/2 + DJ) / 2 + PE
    Total System Jitter     (TSJ):    0.071ns
    Total Input Jitter      (TIJ):    0.000ns
    Discrete Jitter          (DJ):    0.000ns
    Phase Error              (PE):    0.000ns

    Location             Delay type                Incr(ns)  Path(ns)    Netlist Resource(s)
  -------------------------------------------------------------------    -------------------
                         (clock sys_clk rise edge)    0.000     0.000 r  
    Y9                                                0.000     0.000 r  clk (IN)
                         net (fo=0)                   0.000     0.000    clk
    Y9                   IBUF (Prop_ibuf_I_O)         1.490     1.490 r  clk_IBUF_inst/O
                         net (fo=1, routed)           2.171     3.661    clk_IBUF
    BUFGCTRL_X0Y0        BUFG (Prop_bufg_I_O)         0.101     3.762 r  clk_IBUF_BUFG_inst/O
                         net (fo=12, routed)          1.880     5.642    clk_IBUF_BUFG
    SLICE_X113Y48        FDCE                                         r  timer_reg[1]/C
  -------------------------------------------------------------------    -------------------
    SLICE_X113Y48        FDCE (Prop_fdce_C_Q)         0.456     6.098 r  timer_reg[1]/Q
                         net (fo=6, routed)           0.912     7.011    timer_reg_n_0_[1]
    SLICE_X113Y48        LUT6 (Prop_lut6_I2_O)        0.124     7.135 r  timer[0]_i_1/O
                         net (fo=1, routed)           0.000     7.135    timer[0]
    SLICE_X113Y48        FDCE                                         r  timer_reg[0]/D
  -------------------------------------------------------------------    -------------------

                         (clock sys_clk rise edge)   10.000    10.000 r  
    Y9                                                0.000    10.000 r  clk (IN)
                         net (fo=0)                   0.000    10.000    clk
    Y9                   IBUF (Prop_ibuf_I_O)         1.420    11.420 r  clk_IBUF_inst/O
                         net (fo=1, routed)           1.972    13.392    clk_IBUF
    BUFGCTRL_X0Y0        BUFG (Prop_bufg_I_O)         0.091    13.483 r  clk_IBUF_BUFG_inst/O
                         net (fo=12, routed)          1.700    15.183    clk_IBUF_BUFG
    SLICE_X113Y48        FDCE                                         r  timer_reg[0]/C
                         clock pessimism              0.459    15.642    
                         clock uncertainty           -0.035    15.607    
    SLICE_X113Y48        FDCE (Setup_fdce_C_D)        0.031    15.638    timer_reg[0]
  -------------------------------------------------------------------
                         required time                         15.638    
                         arrival time                          -7.135    
  -------------------------------------------------------------------
                         slack                                  8.503    

Slack (MET) :             8.503ns  (required time - arrival time)
  Source:                 timer_reg[1]/C
                            (rising edge-triggered cell FDCE clocked by sys_clk  {rise@0.000ns fall@5.000ns period=10.000ns})
  Destination:            ped_walk_reg/D
                            (rising edge-triggered cell FDCE clocked by sys_clk  {rise@0.000ns fall@5.000ns period=10.000ns})
  Path Group:             sys_clk
  Path Type:              Setup (Max at Slow Process Corner)
  Requirement:            10.000ns  (sys_clk rise@10.000ns - sys_clk rise@0.000ns)
  Data Path Delay:        1.490ns  (logic 0.580ns (38.919%)  route 0.910ns (61.081%))
  Logic Levels:           1  (LUT6=1)
  Clock Path Skew:        0.000ns (DCD - SCD + CPR)
    Destination Clock Delay (DCD):    5.183ns = ( 15.183 - 10.000 ) 
    Source Clock Delay      (SCD):    5.642ns
    Clock Pessimism Removal (CPR):    0.459ns
  Clock Uncertainty:      0.035ns  ((TSJ^2 + TIJ^2)^1/2 + DJ) / 2 + PE
    Total System Jitter     (TSJ):    0.071ns
    Total Input Jitter      (TIJ):    0.000ns
    Discrete Jitter          (DJ):    0.000ns
    Phase Error              (PE):    0.000ns

    Location             Delay type                Incr(ns)  Path(ns)    Netlist Resource(s)
  -------------------------------------------------------------------    -------------------
                         (clock sys_clk rise edge)    0.000     0.000 r  
    Y9                                                0.000     0.000 r  clk (IN)
                         net (fo=0)                   0.000     0.000    clk
    Y9                   IBUF (Prop_ibuf_I_O)         1.490     1.490 r  clk_IBUF_inst/O
                         net (fo=1, routed)           2.171     3.661    clk_IBUF
    BUFGCTRL_X0Y0        BUFG (Prop_bufg_I_O)         0.101     3.762 r  clk_IBUF_BUFG_inst/O
                         net (fo=12, routed)          1.880     5.642    clk_IBUF_BUFG
    SLICE_X113Y48        FDCE                                         r  timer_reg[1]/C
  -------------------------------------------------------------------    -------------------
    SLICE_X113Y48        FDCE (Prop_fdce_C_Q)         0.456     6.098 r  timer_reg[1]/Q
                         net (fo=6, routed)           0.910     7.009    timer_reg_n_0_[1]
    SLICE_X113Y48        LUT6 (Prop_lut6_I2_O)        0.124     7.133 r  ped_walk_i_1/O
                         net (fo=1, routed)           0.000     7.133    ped_walk_i_1_n_0
    SLICE_X113Y48        FDCE                                         r  ped_walk_reg/D
  -------------------------------------------------------------------    -------------------

                         (clock sys_clk rise edge)   10.000    10.000 r  
    Y9                                                0.000    10.000 r  clk (IN)
                         net (fo=0)                   0.000    10.000    clk
    Y9                   IBUF (Prop_ibuf_I_O)         1.420    11.420 r  clk_IBUF_inst/O
                         net (fo=1, routed)           1.972    13.392    clk_IBUF
    BUFGCTRL_X0Y0        BUFG (Prop_bufg_I_O)         0.091    13.483 r  clk_IBUF_BUFG_inst/O
                         net (fo=12, routed)          1.700    15.183    clk_IBUF_BUFG
    SLICE_X113Y48        FDCE                                         r  ped_walk_reg/C
                         clock pessimism              0.459    15.642    
                         clock uncertainty           -0.035    15.607    
    SLICE_X113Y48        FDCE (Setup_fdce_C_D)        0.029    15.636    ped_walk_reg
  -------------------------------------------------------------------
                         required time                         15.636    
                         arrival time                          -7.133    
  -------------------------------------------------------------------
                         slack                                  8.503    

Slack (MET) :             8.504ns  (required time - arrival time)
  Source:                 timer_reg[0]/C
                            (rising edge-triggered cell FDCE clocked by sys_clk  {rise@0.000ns fall@5.000ns period=10.000ns})
  Destination:            timer_reg[1]/D
                            (rising edge-triggered cell FDCE clocked by sys_clk  {rise@0.000ns fall@5.000ns period=10.000ns})
  Path Group:             sys_clk
  Path Type:              Setup (Max at Slow Process Corner)
  Requirement:            10.000ns  (sys_clk rise@10.000ns - sys_clk rise@0.000ns)
  Data Path Delay:        1.491ns  (logic 0.580ns (38.893%)  route 0.911ns (61.107%))
  Logic Levels:           1  (LUT6=1)
  Clock Path Skew:        0.000ns (DCD - SCD + CPR)
    Destination Clock Delay (DCD):    5.183ns = ( 15.183 - 10.000 ) 
    Source Clock Delay      (SCD):    5.642ns
    Clock Pessimism Removal (CPR):    0.459ns
  Clock Uncertainty:      0.035ns  ((TSJ^2 + TIJ^2)^1/2 + DJ) / 2 + PE
    Total System Jitter     (TSJ):    0.071ns
    Total Input Jitter      (TIJ):    0.000ns
    Discrete Jitter          (DJ):    0.000ns
    Phase Error              (PE):    0.000ns

    Location             Delay type                Incr(ns)  Path(ns)    Netlist Resource(s)
  -------------------------------------------------------------------    -------------------
                         (clock sys_clk rise edge)    0.000     0.000 r  
    Y9                                                0.000     0.000 r  clk (IN)
                         net (fo=0)                   0.000     0.000    clk
    Y9                   IBUF (Prop_ibuf_I_O)         1.490     1.490 r  clk_IBUF_inst/O
                         net (fo=1, routed)           2.171     3.661    clk_IBUF
    BUFGCTRL_X0Y0        BUFG (Prop_bufg_I_O)         0.101     3.762 r  clk_IBUF_BUFG_inst/O
                         net (fo=12, routed)          1.880     5.642    clk_IBUF_BUFG
    SLICE_X113Y48        FDCE                                         r  timer_reg[0]/C
  -------------------------------------------------------------------    -------------------
    SLICE_X113Y48        FDCE (Prop_fdce_C_Q)         0.456     6.098 r  timer_reg[0]/Q
                         net (fo=6, routed)           0.911     7.010    timer_reg_n_0_[0]
    SLICE_X113Y48        LUT6 (Prop_lut6_I3_O)        0.124     7.134 r  timer[1]_i_1/O
                         net (fo=1, routed)           0.000     7.134    timer[1]
    SLICE_X113Y48        FDCE                                         r  timer_reg[1]/D
  -------------------------------------------------------------------    -------------------

                         (clock sys_clk rise edge)   10.000    10.000 r  
    Y9                                                0.000    10.000 r  clk (IN)
                         net (fo=0)                   0.000    10.000    clk
    Y9                   IBUF (Prop_ibuf_I_O)         1.420    11.420 r  clk_IBUF_inst/O
                         net (fo=1, routed)           1.972    13.392    clk_IBUF
    BUFGCTRL_X0Y0        BUFG (Prop_bufg_I_O)         0.091    13.483 r  clk_IBUF_BUFG_inst/O
                         net (fo=12, routed)          1.700    15.183    clk_IBUF_BUFG
    SLICE_X113Y48        FDCE                                         r  timer_reg[1]/C
                         clock pessimism              0.459    15.642    
                         clock uncertainty           -0.035    15.607    
    SLICE_X113Y48        FDCE (Setup_fdce_C_D)        0.031    15.638    timer_reg[1]
  -------------------------------------------------------------------
                         required time                         15.638    
                         arrival time                          -7.134    
  -------------------------------------------------------------------
                         slack                                  8.504    





Min Delay Paths
--------------------------------------------------------------------------------------
Slack (MET) :             0.150ns  (arrival time - required time)
  Source:                 timer_reg[0]/C
                            (rising edge-triggered cell FDCE clocked by sys_clk  {rise@0.000ns fall@5.000ns period=10.000ns})
  Destination:            timer_reg[3]/D
                            (rising edge-triggered cell FDCE clocked by sys_clk  {rise@0.000ns fall@5.000ns period=10.000ns})
  Path Group:             sys_clk
  Path Type:              Hold (Min at Fast Process Corner)
  Requirement:            0.000ns  (sys_clk rise@0.000ns - sys_clk rise@0.000ns)
  Data Path Delay:        0.284ns  (logic 0.186ns (65.421%)  route 0.098ns (34.579%))
  Logic Levels:           1  (LUT4=1)
  Clock Path Skew:        0.013ns (DCD - SCD - CPR)
    Destination Clock Delay (DCD):    2.106ns
    Source Clock Delay      (SCD):    1.588ns
    Clock Pessimism Removal (CPR):    0.505ns

    Location             Delay type                Incr(ns)  Path(ns)    Netlist Resource(s)
  -------------------------------------------------------------------    -------------------
                         (clock sys_clk rise edge)    0.000     0.000 r  
    Y9                                                0.000     0.000 r  clk (IN)
                         net (fo=0)                   0.000     0.000    clk
    Y9                   IBUF (Prop_ibuf_I_O)         0.258     0.258 r  clk_IBUF_inst/O
                         net (fo=1, routed)           0.663     0.921    clk_IBUF
    BUFGCTRL_X0Y0        BUFG (Prop_bufg_I_O)         0.026     0.947 r  clk_IBUF_BUFG_inst/O
                         net (fo=12, routed)          0.641     1.588    clk_IBUF_BUFG
    SLICE_X113Y48        FDCE                                         r  timer_reg[0]/C
  -------------------------------------------------------------------    -------------------
    SLICE_X113Y48        FDCE (Prop_fdce_C_Q)         0.141     1.729 r  timer_reg[0]/Q
                         net (fo=6, routed)           0.098     1.827    timer_reg_n_0_[0]
    SLICE_X112Y48        LUT4 (Prop_lut4_I3_O)        0.045     1.872 r  timer[3]_i_1/O
                         net (fo=1, routed)           0.000     1.872    timer[3]
    SLICE_X112Y48        FDCE                                         r  timer_reg[3]/D
  -------------------------------------------------------------------    -------------------

                         (clock sys_clk rise edge)    0.000     0.000 r  
    Y9                                                0.000     0.000 r  clk (IN)
                         net (fo=0)                   0.000     0.000    clk
    Y9                   IBUF (Prop_ibuf_I_O)         0.446     0.446 r  clk_IBUF_inst/O
                         net (fo=1, routed)           0.719     1.165    clk_IBUF
    BUFGCTRL_X0Y0        BUFG (Prop_bufg_I_O)         0.029     1.194 r  clk_IBUF_BUFG_inst/O
                         net (fo=12, routed)          0.912     2.106    clk_IBUF_BUFG
    SLICE_X112Y48        FDCE                                         r  timer_reg[3]/C
                         clock pessimism             -0.505     1.601    
    SLICE_X112Y48        FDCE (Hold_fdce_C_D)         0.121     1.722    timer_reg[3]
  -------------------------------------------------------------------
                         required time                         -1.722    
                         arrival time                           1.872    
  -------------------------------------------------------------------
                         slack                                  0.150    

Slack (MET) :             0.210ns  (arrival time - required time)
  Source:                 FSM_sequential_state_reg[1]/C
                            (rising edge-triggered cell FDCE clocked by sys_clk  {rise@0.000ns fall@5.000ns period=10.000ns})
  Destination:            timer_reg[1]/D
                            (rising edge-triggered cell FDCE clocked by sys_clk  {rise@0.000ns fall@5.000ns period=10.000ns})
  Path Group:             sys_clk
  Path Type:              Hold (Min at Fast Process Corner)
  Requirement:            0.000ns  (sys_clk rise@0.000ns - sys_clk rise@0.000ns)
  Data Path Delay:        0.315ns  (logic 0.209ns (66.452%)  route 0.106ns (33.548%))
  Logic Levels:           1  (LUT6=1)
  Clock Path Skew:        0.013ns (DCD - SCD - CPR)
    Destination Clock Delay (DCD):    2.106ns
    Source Clock Delay      (SCD):    1.588ns
    Clock Pessimism Removal (CPR):    0.505ns

    Location             Delay type                Incr(ns)  Path(ns)    Netlist Resource(s)
  -------------------------------------------------------------------    -------------------
                         (clock sys_clk rise edge)    0.000     0.000 r  
    Y9                                                0.000     0.000 r  clk (IN)
                         net (fo=0)                   0.000     0.000    clk
    Y9                   IBUF (Prop_ibuf_I_O)         0.258     0.258 r  clk_IBUF_inst/O
                         net (fo=1, routed)           0.663     0.921    clk_IBUF
    BUFGCTRL_X0Y0        BUFG (Prop_bufg_I_O)         0.026     0.947 r  clk_IBUF_BUFG_inst/O
                         net (fo=12, routed)          0.641     1.588    clk_IBUF_BUFG
    SLICE_X112Y48        FDCE                                         r  FSM_sequential_state_reg[1]/C
  -------------------------------------------------------------------    -------------------
    SLICE_X112Y48        FDCE (Prop_fdce_C_Q)         0.164     1.752 r  FSM_sequential_state_reg[1]/Q
                         net (fo=12, routed)          0.106     1.857    state__0[1]
    SLICE_X113Y48        LUT6 (Prop_lut6_I5_O)        0.045     1.902 r  timer[1]_i_1/O
                         net (fo=1, routed)           0.000     1.902    timer[1]
    SLICE_X113Y48        FDCE                                         r  timer_reg[1]/D
  -------------------------------------------------------------------    -------------------

                         (clock sys_clk rise edge)    0.000     0.000 r  
    Y9                                                0.000     0.000 r  clk (IN)
                         net (fo=0)                   0.000     0.000    clk
    Y9                   IBUF (Prop_ibuf_I_O)         0.446     0.446 r  clk_IBUF_inst/O
                         net (fo=1, routed)           0.719     1.165    clk_IBUF
    BUFGCTRL_X0Y0        BUFG (Prop_bufg_I_O)         0.029     1.194 r  clk_IBUF_BUFG_inst/O
                         net (fo=12, routed)          0.912     2.106    clk_IBUF_BUFG
    SLICE_X113Y48        FDCE                                         r  timer_reg[1]/C
                         clock pessimism             -0.505     1.601    
    SLICE_X113Y48        FDCE (Hold_fdce_C_D)         0.092     1.693    timer_reg[1]
  -------------------------------------------------------------------
                         required time                         -1.693    
                         arrival time                           1.902    
  -------------------------------------------------------------------
                         slack                                  0.210    

Slack (MET) :             0.210ns  (arrival time - required time)
  Source:                 timer_reg[3]/C
                            (rising edge-triggered cell FDCE clocked by sys_clk  {rise@0.000ns fall@5.000ns period=10.000ns})
  Destination:            timer_reg[0]/D
                            (rising edge-triggered cell FDCE clocked by sys_clk  {rise@0.000ns fall@5.000ns period=10.000ns})
  Path Group:             sys_clk
  Path Type:              Hold (Min at Fast Process Corner)
  Requirement:            0.000ns  (sys_clk rise@0.000ns - sys_clk rise@0.000ns)
  Data Path Delay:        0.315ns  (logic 0.209ns (66.429%)  route 0.106ns (33.571%))
  Logic Levels:           1  (LUT6=1)
  Clock Path Skew:        0.013ns (DCD - SCD - CPR)
    Destination Clock Delay (DCD):    2.106ns
    Source Clock Delay      (SCD):    1.588ns
    Clock Pessimism Removal (CPR):    0.505ns

    Location             Delay type                Incr(ns)  Path(ns)    Netlist Resource(s)
  -------------------------------------------------------------------    -------------------
                         (clock sys_clk rise edge)    0.000     0.000 r  
    Y9                                                0.000     0.000 r  clk (IN)
                         net (fo=0)                   0.000     0.000    clk
    Y9                   IBUF (Prop_ibuf_I_O)         0.258     0.258 r  clk_IBUF_inst/O
                         net (fo=1, routed)           0.663     0.921    clk_IBUF
    BUFGCTRL_X0Y0        BUFG (Prop_bufg_I_O)         0.026     0.947 r  clk_IBUF_BUFG_inst/O
                         net (fo=12, routed)          0.641     1.588    clk_IBUF_BUFG
    SLICE_X112Y48        FDCE                                         r  timer_reg[3]/C
  -------------------------------------------------------------------    -------------------
    SLICE_X112Y48        FDCE (Prop_fdce_C_Q)         0.164     1.752 r  timer_reg[3]/Q
                         net (fo=6, routed)           0.106     1.857    timer_reg_n_0_[3]
    SLICE_X113Y48        LUT6 (Prop_lut6_I1_O)        0.045     1.902 r  timer[0]_i_1/O
                         net (fo=1, routed)           0.000     1.902    timer[0]
    SLICE_X113Y48        FDCE                                         r  timer_reg[0]/D
  -------------------------------------------------------------------    -------------------

                         (clock sys_clk rise edge)    0.000     0.000 r  
    Y9                                                0.000     0.000 r  clk (IN)
                         net (fo=0)                   0.000     0.000    clk
    Y9                   IBUF (Prop_ibuf_I_O)         0.446     0.446 r  clk_IBUF_inst/O
                         net (fo=1, routed)           0.719     1.165    clk_IBUF
    BUFGCTRL_X0Y0        BUFG (Prop_bufg_I_O)         0.029     1.194 r  clk_IBUF_BUFG_inst/O
                         net (fo=12, routed)          0.912     2.106    clk_IBUF_BUFG
    SLICE_X113Y48        FDCE                                         r  timer_reg[0]/C
                         clock pessimism             -0.505     1.601    
    SLICE_X113Y48        FDCE (Hold_fdce_C_D)         0.092     1.693    timer_reg[0]
  -------------------------------------------------------------------
                         required time                         -1.693    
                         arrival time                           1.902    
  -------------------------------------------------------------------
                         slack                                  0.210    

Slack (MET) :             0.212ns  (arrival time - required time)
  Source:                 timer_reg[3]/C
                            (rising edge-triggered cell FDCE clocked by sys_clk  {rise@0.000ns fall@5.000ns period=10.000ns})
  Destination:            ped_walk_reg/D
                            (rising edge-triggered cell FDCE clocked by sys_clk  {rise@0.000ns fall@5.000ns period=10.000ns})
  Path Group:             sys_clk
  Path Type:              Hold (Min at Fast Process Corner)
  Requirement:            0.000ns  (sys_clk rise@0.000ns - sys_clk rise@0.000ns)
  Data Path Delay:        0.316ns  (logic 0.209ns (66.218%)  route 0.107ns (33.782%))
  Logic Levels:           1  (LUT6=1)
  Clock Path Skew:        0.013ns (DCD - SCD - CPR)
    Destination Clock Delay (DCD):    2.106ns
    Source Clock Delay      (SCD):    1.588ns
    Clock Pessimism Removal (CPR):    0.505ns

    Location             Delay type                Incr(ns)  Path(ns)    Netlist Resource(s)
  -------------------------------------------------------------------    -------------------
                         (clock sys_clk rise edge)    0.000     0.000 r  
    Y9                                                0.000     0.000 r  clk (IN)
                         net (fo=0)                   0.000     0.000    clk
    Y9                   IBUF (Prop_ibuf_I_O)         0.258     0.258 r  clk_IBUF_inst/O
                         net (fo=1, routed)           0.663     0.921    clk_IBUF
    BUFGCTRL_X0Y0        BUFG (Prop_bufg_I_O)         0.026     0.947 r  clk_IBUF_BUFG_inst/O
                         net (fo=12, routed)          0.641     1.588    clk_IBUF_BUFG
    SLICE_X112Y48        FDCE                                         r  timer_reg[3]/C
  -------------------------------------------------------------------    -------------------
    SLICE_X112Y48        FDCE (Prop_fdce_C_Q)         0.164     1.752 r  timer_reg[3]/Q
                         net (fo=6, routed)           0.107     1.858    timer_reg_n_0_[3]
    SLICE_X113Y48        LUT6 (Prop_lut6_I1_O)        0.045     1.903 r  ped_walk_i_1/O
                         net (fo=1, routed)           0.000     1.903    ped_walk_i_1_n_0
    SLICE_X113Y48        FDCE                                         r  ped_walk_reg/D
  -------------------------------------------------------------------    -------------------

                         (clock sys_clk rise edge)    0.000     0.000 r  
    Y9                                                0.000     0.000 r  clk (IN)
                         net (fo=0)                   0.000     0.000    clk
    Y9                   IBUF (Prop_ibuf_I_O)         0.446     0.446 r  clk_IBUF_inst/O
                         net (fo=1, routed)           0.719     1.165    clk_IBUF
    BUFGCTRL_X0Y0        BUFG (Prop_bufg_I_O)         0.029     1.194 r  clk_IBUF_BUFG_inst/O
                         net (fo=12, routed)          0.912     2.106    clk_IBUF_BUFG
    SLICE_X113Y48        FDCE                                         r  ped_walk_reg/C
                         clock pessimism             -0.505     1.601    
    SLICE_X113Y48        FDCE (Hold_fdce_C_D)         0.091     1.692    ped_walk_reg
  -------------------------------------------------------------------
                         required time                         -1.692    
                         arrival time                           1.903    
  -------------------------------------------------------------------
                         slack                                  0.212    

Slack (MET) :             0.213ns  (arrival time - required time)
  Source:                 FSM_sequential_state_reg[1]/C
                            (rising edge-triggered cell FDCE clocked by sys_clk  {rise@0.000ns fall@5.000ns period=10.000ns})
  Destination:            timer_reg[2]/D
                            (rising edge-triggered cell FDCE clocked by sys_clk  {rise@0.000ns fall@5.000ns period=10.000ns})
  Path Group:             sys_clk
  Path Type:              Hold (Min at Fast Process Corner)
  Requirement:            0.000ns  (sys_clk rise@0.000ns - sys_clk rise@0.000ns)
  Data Path Delay:        0.318ns  (logic 0.209ns (65.824%)  route 0.109ns (34.176%))
  Logic Levels:           1  (LUT6=1)
  Clock Path Skew:        0.013ns (DCD - SCD - CPR)
    Destination Clock Delay (DCD):    2.106ns
    Source Clock Delay      (SCD):    1.588ns
    Clock Pessimism Removal (CPR):    0.505ns

    Location             Delay type                Incr(ns)  Path(ns)    Netlist Resource(s)
  -------------------------------------------------------------------    -------------------
                         (clock sys_clk rise edge)    0.000     0.000 r  
    Y9                                                0.000     0.000 r  clk (IN)
                         net (fo=0)                   0.000     0.000    clk
    Y9                   IBUF (Prop_ibuf_I_O)         0.258     0.258 r  clk_IBUF_inst/O
                         net (fo=1, routed)           0.663     0.921    clk_IBUF
    BUFGCTRL_X0Y0        BUFG (Prop_bufg_I_O)         0.026     0.947 r  clk_IBUF_BUFG_inst/O
                         net (fo=12, routed)          0.641     1.588    clk_IBUF_BUFG
    SLICE_X112Y48        FDCE                                         r  FSM_sequential_state_reg[1]/C
  -------------------------------------------------------------------    -------------------
    SLICE_X112Y48        FDCE (Prop_fdce_C_Q)         0.164     1.752 r  FSM_sequential_state_reg[1]/Q
                         net (fo=12, routed)          0.109     1.860    state__0[1]
    SLICE_X113Y48        LUT6 (Prop_lut6_I5_O)        0.045     1.905 r  timer[2]_i_1/O
                         net (fo=1, routed)           0.000     1.905    timer[2]
    SLICE_X113Y48        FDCE                                         r  timer_reg[2]/D
  -------------------------------------------------------------------    -------------------

                         (clock sys_clk rise edge)    0.000     0.000 r  
    Y9                                                0.000     0.000 r  clk (IN)
                         net (fo=0)                   0.000     0.000    clk
    Y9                   IBUF (Prop_ibuf_I_O)         0.446     0.446 r  clk_IBUF_inst/O
                         net (fo=1, routed)           0.719     1.165    clk_IBUF
    BUFGCTRL_X0Y0        BUFG (Prop_bufg_I_O)         0.029     1.194 r  clk_IBUF_BUFG_inst/O
                         net (fo=12, routed)          0.912     2.106    clk_IBUF_BUFG
    SLICE_X113Y48        FDCE                                         r  timer_reg[2]/C
                         clock pessimism             -0.505     1.601    
    SLICE_X113Y48        FDCE (Hold_fdce_C_D)         0.092     1.693    timer_reg[2]
  -------------------------------------------------------------------
                         required time                         -1.693    
                         arrival time                           1.905    
  -------------------------------------------------------------------
                         slack                                  0.213    

Slack (MET) :             0.309ns  (arrival time - required time)
  Source:                 FSM_sequential_state_reg[0]/C
                            (rising edge-triggered cell FDCE clocked by sys_clk  {rise@0.000ns fall@5.000ns period=10.000ns})
  Destination:            FSM_sequential_state_reg[1]/D
                            (rising edge-triggered cell FDCE clocked by sys_clk  {rise@0.000ns fall@5.000ns period=10.000ns})
  Path Group:             sys_clk
  Path Type:              Hold (Min at Fast Process Corner)
  Requirement:            0.000ns  (sys_clk rise@0.000ns - sys_clk rise@0.000ns)
  Data Path Delay:        0.430ns  (logic 0.209ns (48.640%)  route 0.221ns (51.360%))
  Logic Levels:           1  (LUT3=1)
  Clock Path Skew:        0.000ns (DCD - SCD - CPR)
    Destination Clock Delay (DCD):    2.106ns
    Source Clock Delay      (SCD):    1.588ns
    Clock Pessimism Removal (CPR):    0.518ns

    Location             Delay type                Incr(ns)  Path(ns)    Netlist Resource(s)
  -------------------------------------------------------------------    -------------------
                         (clock sys_clk rise edge)    0.000     0.000 r  
    Y9                                                0.000     0.000 r  clk (IN)
                         net (fo=0)                   0.000     0.000    clk
    Y9                   IBUF (Prop_ibuf_I_O)         0.258     0.258 r  clk_IBUF_inst/O
                         net (fo=1, routed)           0.663     0.921    clk_IBUF
    BUFGCTRL_X0Y0        BUFG (Prop_bufg_I_O)         0.026     0.947 r  clk_IBUF_BUFG_inst/O
                         net (fo=12, routed)          0.641     1.588    clk_IBUF_BUFG
    SLICE_X112Y48        FDCE                                         r  FSM_sequential_state_reg[0]/C
  -------------------------------------------------------------------    -------------------
    SLICE_X112Y48        FDCE (Prop_fdce_C_Q)         0.164     1.752 r  FSM_sequential_state_reg[0]/Q
                         net (fo=11, routed)          0.221     1.973    state__0[0]
    SLICE_X112Y48        LUT3 (Prop_lut3_I0_O)        0.045     2.018 r  FSM_sequential_state[1]_i_1/O
                         net (fo=1, routed)           0.000     2.018    FSM_sequential_state[1]_i_1_n_0
    SLICE_X112Y48        FDCE                                         r  FSM_sequential_state_reg[1]/D
  -------------------------------------------------------------------    -------------------

                         (clock sys_clk rise edge)    0.000     0.000 r  
    Y9                                                0.000     0.000 r  clk (IN)
                         net (fo=0)                   0.000     0.000    clk
    Y9                   IBUF (Prop_ibuf_I_O)         0.446     0.446 r  clk_IBUF_inst/O
                         net (fo=1, routed)           0.719     1.165    clk_IBUF
    BUFGCTRL_X0Y0        BUFG (Prop_bufg_I_O)         0.029     1.194 r  clk_IBUF_BUFG_inst/O
                         net (fo=12, routed)          0.912     2.106    clk_IBUF_BUFG
    SLICE_X112Y48        FDCE                                         r  FSM_sequential_state_reg[1]/C
                         clock pessimism             -0.518     1.588    
    SLICE_X112Y48        FDCE (Hold_fdce_C_D)         0.121     1.709    FSM_sequential_state_reg[1]
  -------------------------------------------------------------------
                         required time                         -1.709    
                         arrival time                           2.018    
  -------------------------------------------------------------------
                         slack                                  0.309    

Slack (MET) :             0.310ns  (arrival time - required time)
  Source:                 FSM_sequential_state_reg[0]/C
                            (rising edge-triggered cell FDCE clocked by sys_clk  {rise@0.000ns fall@5.000ns period=10.000ns})
  Destination:            FSM_sequential_state_reg[0]/D
                            (rising edge-triggered cell FDCE clocked by sys_clk  {rise@0.000ns fall@5.000ns period=10.000ns})
  Path Group:             sys_clk
  Path Type:              Hold (Min at Fast Process Corner)
  Requirement:            0.000ns  (sys_clk rise@0.000ns - sys_clk rise@0.000ns)
  Data Path Delay:        0.430ns  (logic 0.209ns (48.640%)  route 0.221ns (51.360%))
  Logic Levels:           1  (LUT4=1)
  Clock Path Skew:        0.000ns (DCD - SCD - CPR)
    Destination Clock Delay (DCD):    2.106ns
    Source Clock Delay      (SCD):    1.588ns
    Clock Pessimism Removal (CPR):    0.518ns

    Location             Delay type                Incr(ns)  Path(ns)    Netlist Resource(s)
  -------------------------------------------------------------------    -------------------
                         (clock sys_clk rise edge)    0.000     0.000 r  
    Y9                                                0.000     0.000 r  clk (IN)
                         net (fo=0)                   0.000     0.000    clk
    Y9                   IBUF (Prop_ibuf_I_O)         0.258     0.258 r  clk_IBUF_inst/O
                         net (fo=1, routed)           0.663     0.921    clk_IBUF
    BUFGCTRL_X0Y0        BUFG (Prop_bufg_I_O)         0.026     0.947 r  clk_IBUF_BUFG_inst/O
                         net (fo=12, routed)          0.641     1.588    clk_IBUF_BUFG
    SLICE_X112Y48        FDCE                                         r  FSM_sequential_state_reg[0]/C
  -------------------------------------------------------------------    -------------------
    SLICE_X112Y48        FDCE (Prop_fdce_C_Q)         0.164     1.752 r  FSM_sequential_state_reg[0]/Q
                         net (fo=11, routed)          0.221     1.973    state__0[0]
    SLICE_X112Y48        LUT4 (Prop_lut4_I0_O)        0.045     2.018 r  FSM_sequential_state[0]_i_1/O
                         net (fo=1, routed)           0.000     2.018    FSM_sequential_state[0]_i_1_n_0
    SLICE_X112Y48        FDCE                                         r  FSM_sequential_state_reg[0]/D
  -------------------------------------------------------------------    -------------------

                         (clock sys_clk rise edge)    0.000     0.000 r  
    Y9                                                0.000     0.000 r  clk (IN)
                         net (fo=0)                   0.000     0.000    clk
    Y9                   IBUF (Prop_ibuf_I_O)         0.446     0.446 r  clk_IBUF_inst/O
                         net (fo=1, routed)           0.719     1.165    clk_IBUF
    BUFGCTRL_X0Y0        BUFG (Prop_bufg_I_O)         0.029     1.194 r  clk_IBUF_BUFG_inst/O
                         net (fo=12, routed)          0.912     2.106    clk_IBUF_BUFG
    SLICE_X112Y48        FDCE                                         r  FSM_sequential_state_reg[0]/C
                         clock pessimism             -0.518     1.588    
    SLICE_X112Y48        FDCE (Hold_fdce_C_D)         0.120     1.708    FSM_sequential_state_reg[0]
  -------------------------------------------------------------------
                         required time                         -1.708    
                         arrival time                           2.018    
  -------------------------------------------------------------------
                         slack                                  0.310    

Slack (MET) :             0.369ns  (arrival time - required time)
  Source:                 FSM_sequential_state_reg[1]/C
                            (rising edge-triggered cell FDCE clocked by sys_clk  {rise@0.000ns fall@5.000ns period=10.000ns})
  Destination:            side_road_reg[0]/D
                            (rising edge-triggered cell FDCE clocked by sys_clk  {rise@0.000ns fall@5.000ns period=10.000ns})
  Path Group:             sys_clk
  Path Type:              Hold (Min at Fast Process Corner)
  Requirement:            0.000ns  (sys_clk rise@0.000ns - sys_clk rise@0.000ns)
  Data Path Delay:        0.477ns  (logic 0.209ns (43.826%)  route 0.268ns (56.174%))
  Logic Levels:           1  (LUT2=1)
  Clock Path Skew:        0.016ns (DCD - SCD - CPR)
    Destination Clock Delay (DCD):    2.106ns
    Source Clock Delay      (SCD):    1.588ns
    Clock Pessimism Removal (CPR):    0.502ns

    Location             Delay type                Incr(ns)  Path(ns)    Netlist Resource(s)
  -------------------------------------------------------------------    -------------------
                         (clock sys_clk rise edge)    0.000     0.000 r  
    Y9                                                0.000     0.000 r  clk (IN)
                         net (fo=0)                   0.000     0.000    clk
    Y9                   IBUF (Prop_ibuf_I_O)         0.258     0.258 r  clk_IBUF_inst/O
                         net (fo=1, routed)           0.663     0.921    clk_IBUF
    BUFGCTRL_X0Y0        BUFG (Prop_bufg_I_O)         0.026     0.947 r  clk_IBUF_BUFG_inst/O
                         net (fo=12, routed)          0.641     1.588    clk_IBUF_BUFG
    SLICE_X112Y48        FDCE                                         r  FSM_sequential_state_reg[1]/C
  -------------------------------------------------------------------    -------------------
    SLICE_X112Y48        FDCE (Prop_fdce_C_Q)         0.164     1.752 r  FSM_sequential_state_reg[1]/Q
                         net (fo=12, routed)          0.268     2.020    state__0[1]
    SLICE_X113Y47        LUT2 (Prop_lut2_I0_O)        0.045     2.065 r  side_road[0]_i_1/O
                         net (fo=1, routed)           0.000     2.065    side_road[0]_i_1_n_0
    SLICE_X113Y47        FDCE                                         r  side_road_reg[0]/D
  -------------------------------------------------------------------    -------------------

                         (clock sys_clk rise edge)    0.000     0.000 r  
    Y9                                                0.000     0.000 r  clk (IN)
                         net (fo=0)                   0.000     0.000    clk
    Y9                   IBUF (Prop_ibuf_I_O)         0.446     0.446 r  clk_IBUF_inst/O
                         net (fo=1, routed)           0.719     1.165    clk_IBUF
    BUFGCTRL_X0Y0        BUFG (Prop_bufg_I_O)         0.029     1.194 r  clk_IBUF_BUFG_inst/O
                         net (fo=12, routed)          0.912     2.106    clk_IBUF_BUFG
    SLICE_X113Y47        FDCE                                         r  side_road_reg[0]/C
                         clock pessimism             -0.502     1.604    
    SLICE_X113Y47        FDCE (Hold_fdce_C_D)         0.092     1.696    side_road_reg[0]
  -------------------------------------------------------------------
                         required time                         -1.696    
                         arrival time                           2.065    
  -------------------------------------------------------------------
                         slack                                  0.369    

Slack (MET) :             0.369ns  (arrival time - required time)
  Source:                 FSM_sequential_state_reg[1]/C
                            (rising edge-triggered cell FDCE clocked by sys_clk  {rise@0.000ns fall@5.000ns period=10.000ns})
  Destination:            side_road_reg[2]/D
                            (rising edge-triggered cell FDPE clocked by sys_clk  {rise@0.000ns fall@5.000ns period=10.000ns})
  Path Group:             sys_clk
  Path Type:              Hold (Min at Fast Process Corner)
  Requirement:            0.000ns  (sys_clk rise@0.000ns - sys_clk rise@0.000ns)
  Data Path Delay:        0.477ns  (logic 0.209ns (43.826%)  route 0.268ns (56.174%))
  Logic Levels:           1  (LUT2=1)
  Clock Path Skew:        0.016ns (DCD - SCD - CPR)
    Destination Clock Delay (DCD):    2.106ns
    Source Clock Delay      (SCD):    1.588ns
    Clock Pessimism Removal (CPR):    0.502ns

    Location             Delay type                Incr(ns)  Path(ns)    Netlist Resource(s)
  -------------------------------------------------------------------    -------------------
                         (clock sys_clk rise edge)    0.000     0.000 r  
    Y9                                                0.000     0.000 r  clk (IN)
                         net (fo=0)                   0.000     0.000    clk
    Y9                   IBUF (Prop_ibuf_I_O)         0.258     0.258 r  clk_IBUF_inst/O
                         net (fo=1, routed)           0.663     0.921    clk_IBUF
    BUFGCTRL_X0Y0        BUFG (Prop_bufg_I_O)         0.026     0.947 r  clk_IBUF_BUFG_inst/O
                         net (fo=12, routed)          0.641     1.588    clk_IBUF_BUFG
    SLICE_X112Y48        FDCE                                         r  FSM_sequential_state_reg[1]/C
  -------------------------------------------------------------------    -------------------
    SLICE_X112Y48        FDCE (Prop_fdce_C_Q)         0.164     1.752 f  FSM_sequential_state_reg[1]/Q
                         net (fo=12, routed)          0.268     2.020    state__0[1]
    SLICE_X113Y47        LUT2 (Prop_lut2_I1_O)        0.045     2.065 r  side_road[2]_i_1/O
                         net (fo=1, routed)           0.000     2.065    side_road[2]_i_1_n_0
    SLICE_X113Y47        FDPE                                         r  side_road_reg[2]/D
  -------------------------------------------------------------------    -------------------

                         (clock sys_clk rise edge)    0.000     0.000 r  
    Y9                                                0.000     0.000 r  clk (IN)
                         net (fo=0)                   0.000     0.000    clk
    Y9                   IBUF (Prop_ibuf_I_O)         0.446     0.446 r  clk_IBUF_inst/O
                         net (fo=1, routed)           0.719     1.165    clk_IBUF
    BUFGCTRL_X0Y0        BUFG (Prop_bufg_I_O)         0.029     1.194 r  clk_IBUF_BUFG_inst/O
                         net (fo=12, routed)          0.912     2.106    clk_IBUF_BUFG
    SLICE_X113Y47        FDPE                                         r  side_road_reg[2]/C
                         clock pessimism             -0.502     1.604    
    SLICE_X113Y47        FDPE (Hold_fdpe_C_D)         0.092     1.696    side_road_reg[2]
  -------------------------------------------------------------------
                         required time                         -1.696    
                         arrival time                           2.065    
  -------------------------------------------------------------------
                         slack                                  0.369    

Slack (MET) :             0.396ns  (arrival time - required time)
  Source:                 FSM_sequential_state_reg[0]/C
                            (rising edge-triggered cell FDCE clocked by sys_clk  {rise@0.000ns fall@5.000ns period=10.000ns})
  Destination:            highway_reg[0]/D
                            (rising edge-triggered cell FDPE clocked by sys_clk  {rise@0.000ns fall@5.000ns period=10.000ns})
  Path Group:             sys_clk
  Path Type:              Hold (Min at Fast Process Corner)
  Requirement:            0.000ns  (sys_clk rise@0.000ns - sys_clk rise@0.000ns)
  Data Path Delay:        0.503ns  (logic 0.209ns (41.564%)  route 0.294ns (58.436%))
  Logic Levels:           1  (LUT2=1)
  Clock Path Skew:        0.016ns (DCD - SCD - CPR)
    Destination Clock Delay (DCD):    2.106ns
    Source Clock Delay      (SCD):    1.588ns
    Clock Pessimism Removal (CPR):    0.502ns

    Location             Delay type                Incr(ns)  Path(ns)    Netlist Resource(s)
  -------------------------------------------------------------------    -------------------
                         (clock sys_clk rise edge)    0.000     0.000 r  
    Y9                                                0.000     0.000 r  clk (IN)
                         net (fo=0)                   0.000     0.000    clk
    Y9                   IBUF (Prop_ibuf_I_O)         0.258     0.258 r  clk_IBUF_inst/O
                         net (fo=1, routed)           0.663     0.921    clk_IBUF
    BUFGCTRL_X0Y0        BUFG (Prop_bufg_I_O)         0.026     0.947 r  clk_IBUF_BUFG_inst/O
                         net (fo=12, routed)          0.641     1.588    clk_IBUF_BUFG
    SLICE_X112Y48        FDCE                                         r  FSM_sequential_state_reg[0]/C
  -------------------------------------------------------------------    -------------------
    SLICE_X112Y48        FDCE (Prop_fdce_C_Q)         0.164     1.752 f  FSM_sequential_state_reg[0]/Q
                         net (fo=11, routed)          0.294     2.046    state__0[0]
    SLICE_X113Y47        LUT2 (Prop_lut2_I0_O)        0.045     2.091 r  highway[0]_i_1/O
                         net (fo=1, routed)           0.000     2.091    highway[0]_i_1_n_0
    SLICE_X113Y47        FDPE                                         r  highway_reg[0]/D
  -------------------------------------------------------------------    -------------------

                         (clock sys_clk rise edge)    0.000     0.000 r  
    Y9                                                0.000     0.000 r  clk (IN)
                         net (fo=0)                   0.000     0.000    clk
    Y9                   IBUF (Prop_ibuf_I_O)         0.446     0.446 r  clk_IBUF_inst/O
                         net (fo=1, routed)           0.719     1.165    clk_IBUF
    BUFGCTRL_X0Y0        BUFG (Prop_bufg_I_O)         0.029     1.194 r  clk_IBUF_BUFG_inst/O
                         net (fo=12, routed)          0.912     2.106    clk_IBUF_BUFG
    SLICE_X113Y47        FDPE                                         r  highway_reg[0]/C
                         clock pessimism             -0.502     1.604    
    SLICE_X113Y47        FDPE (Hold_fdpe_C_D)         0.091     1.695    highway_reg[0]
  -------------------------------------------------------------------
                         required time                         -1.695    
                         arrival time                           2.091    
  -------------------------------------------------------------------
                         slack                                  0.396    





Pulse Width Checks
--------------------------------------------------------------------------------------
Clock Name:         sys_clk
Waveform(ns):       { 0.000 5.000 }
Period(ns):         10.000
Sources:            { clk }

Check Type        Corner  Lib Pin  Reference Pin  Required(ns)  Actual(ns)  Slack(ns)  Location       Pin
Min Period        n/a     BUFG/I   n/a            2.155         10.000      7.845      BUFGCTRL_X0Y0  clk_IBUF_BUFG_inst/I
Min Period        n/a     FDCE/C   n/a            1.000         10.000      9.000      SLICE_X112Y48  FSM_sequential_state_reg[0]/C
Min Period        n/a     FDCE/C   n/a            1.000         10.000      9.000      SLICE_X112Y48  FSM_sequential_state_reg[1]/C
Min Period        n/a     FDPE/C   n/a            1.000         10.000      9.000      SLICE_X113Y47  highway_reg[0]/C
Min Period        n/a     FDCE/C   n/a            1.000         10.000      9.000      SLICE_X113Y47  highway_reg[1]/C
Min Period        n/a     FDCE/C   n/a            1.000         10.000      9.000      SLICE_X112Y47  highway_reg[2]/C
Min Period        n/a     FDCE/C   n/a            1.000         10.000      9.000      SLICE_X113Y48  ped_walk_reg/C
Min Period        n/a     FDCE/C   n/a            1.000         10.000      9.000      SLICE_X113Y47  side_road_reg[0]/C
Min Period        n/a     FDPE/C   n/a            1.000         10.000      9.000      SLICE_X113Y47  side_road_reg[2]/C
Min Period        n/a     FDCE/C   n/a            1.000         10.000      9.000      SLICE_X113Y48  timer_reg[0]/C
Low Pulse Width   Slow    FDCE/C   n/a            0.500         5.000       4.500      SLICE_X112Y48  FSM_sequential_state_reg[0]/C
Low Pulse Width   Slow    FDCE/C   n/a            0.500         5.000       4.500      SLICE_X112Y48  FSM_sequential_state_reg[1]/C
Low Pulse Width   Slow    FDPE/C   n/a            0.500         5.000       4.500      SLICE_X113Y47  highway_reg[0]/C
Low Pulse Width   Slow    FDCE/C   n/a            0.500         5.000       4.500      SLICE_X113Y47  highway_reg[1]/C
Low Pulse Width   Slow    FDCE/C   n/a            0.500         5.000       4.500      SLICE_X112Y47  highway_reg[2]/C
Low Pulse Width   Slow    FDCE/C   n/a            0.500         5.000       4.500      SLICE_X113Y48  ped_walk_reg/C
Low Pulse Width   Slow    FDCE/C   n/a            0.500         5.000       4.500      SLICE_X113Y47  side_road_reg[0]/C
Low Pulse Width   Slow    FDPE/C   n/a            0.500         5.000       4.500      SLICE_X113Y47  side_road_reg[2]/C
Low Pulse Width   Slow    FDCE/C   n/a            0.500         5.000       4.500      SLICE_X113Y48  timer_reg[0]/C
Low Pulse Width   Slow    FDCE/C   n/a            0.500         5.000       4.500      SLICE_X113Y48  timer_reg[1]/C
High Pulse Width  Fast    FDCE/C   n/a            0.500         5.000       4.500      SLICE_X112Y48  FSM_sequential_state_reg[0]/C
High Pulse Width  Fast    FDCE/C   n/a            0.500         5.000       4.500      SLICE_X112Y48  FSM_sequential_state_reg[1]/C
High Pulse Width  Fast    FDPE/C   n/a            0.500         5.000       4.500      SLICE_X113Y47  highway_reg[0]/C
High Pulse Width  Fast    FDCE/C   n/a            0.500         5.000       4.500      SLICE_X113Y47  highway_reg[1]/C
High Pulse Width  Fast    FDCE/C   n/a            0.500         5.000       4.500      SLICE_X112Y47  highway_reg[2]/C
High Pulse Width  Fast    FDCE/C   n/a            0.500         5.000       4.500      SLICE_X113Y48  ped_walk_reg/C
High Pulse Width  Fast    FDCE/C   n/a            0.500         5.000       4.500      SLICE_X113Y47  side_road_reg[0]/C
High Pulse Width  Fast    FDPE/C   n/a            0.500         5.000       4.500      SLICE_X113Y47  side_road_reg[2]/C
High Pulse Width  Fast    FDCE/C   n/a            0.500         5.000       4.500      SLICE_X113Y48  timer_reg[0]/C
High Pulse Width  Fast    FDCE/C   n/a            0.500         5.000       4.500      SLICE_X113Y48  timer_reg[1]/C



